Archive member included because of file (symbol)

d:/program files (x86)/atmel/atmel toolchain/avr8 gcc/native/3.4.2.1002/avr8-gnu-toolchain/bin/../lib/gcc/avr/4.7.2/../../../../avr/lib/avrxmega7\libm.a(addsf3.o)
                              mechanism.o (__addsf3)
d:/program files (x86)/atmel/atmel toolchain/avr8 gcc/native/3.4.2.1002/avr8-gnu-toolchain/bin/../lib/gcc/avr/4.7.2/../../../../avr/lib/avrxmega7\libm.a(addsf3x.o)
                              d:/program files (x86)/atmel/atmel toolchain/avr8 gcc/native/3.4.2.1002/avr8-gnu-toolchain/bin/../lib/gcc/avr/4.7.2/../../../../avr/lib/avrxmega7\libm.a(addsf3.o) (__addsf3x)
d:/program files (x86)/atmel/atmel toolchain/avr8 gcc/native/3.4.2.1002/avr8-gnu-toolchain/bin/../lib/gcc/avr/4.7.2/../../../../avr/lib/avrxmega7\libm.a(atan2.o)
                              mechanism.o (atan2)
d:/program files (x86)/atmel/atmel toolchain/avr8 gcc/native/3.4.2.1002/avr8-gnu-toolchain/bin/../lib/gcc/avr/4.7.2/../../../../avr/lib/avrxmega7\libm.a(atan.o)
                              d:/program files (x86)/atmel/atmel toolchain/avr8 gcc/native/3.4.2.1002/avr8-gnu-toolchain/bin/../lib/gcc/avr/4.7.2/../../../../avr/lib/avrxmega7\libm.a(atan2.o) (atan)
d:/program files (x86)/atmel/atmel toolchain/avr8 gcc/native/3.4.2.1002/avr8-gnu-toolchain/bin/../lib/gcc/avr/4.7.2/../../../../avr/lib/avrxmega7\libm.a(cmpsf2.o)
                              mechanism.o (__ltsf2)
d:/program files (x86)/atmel/atmel toolchain/avr8 gcc/native/3.4.2.1002/avr8-gnu-toolchain/bin/../lib/gcc/avr/4.7.2/../../../../avr/lib/avrxmega7\libm.a(cos.o)
                              interrupt.o (cos)
d:/program files (x86)/atmel/atmel toolchain/avr8 gcc/native/3.4.2.1002/avr8-gnu-toolchain/bin/../lib/gcc/avr/4.7.2/../../../../avr/lib/avrxmega7\libm.a(divsf3.o)
                              interrupt.o (__divsf3)
d:/program files (x86)/atmel/atmel toolchain/avr8 gcc/native/3.4.2.1002/avr8-gnu-toolchain/bin/../lib/gcc/avr/4.7.2/../../../../avr/lib/avrxmega7\libm.a(divsf3x.o)
                              d:/program files (x86)/atmel/atmel toolchain/avr8 gcc/native/3.4.2.1002/avr8-gnu-toolchain/bin/../lib/gcc/avr/4.7.2/../../../../avr/lib/avrxmega7\libm.a(divsf3.o) (__divsf3x)
d:/program files (x86)/atmel/atmel toolchain/avr8 gcc/native/3.4.2.1002/avr8-gnu-toolchain/bin/../lib/gcc/avr/4.7.2/../../../../avr/lib/avrxmega7\libm.a(fixsfsi.o)
                              interrupt.o (__fixsfsi)
d:/program files (x86)/atmel/atmel toolchain/avr8 gcc/native/3.4.2.1002/avr8-gnu-toolchain/bin/../lib/gcc/avr/4.7.2/../../../../avr/lib/avrxmega7\libm.a(fixunssfsi.o)
                              d:/program files (x86)/atmel/atmel toolchain/avr8 gcc/native/3.4.2.1002/avr8-gnu-toolchain/bin/../lib/gcc/avr/4.7.2/../../../../avr/lib/avrxmega7\libm.a(fixsfsi.o) (__fixunssfsi)
d:/program files (x86)/atmel/atmel toolchain/avr8 gcc/native/3.4.2.1002/avr8-gnu-toolchain/bin/../lib/gcc/avr/4.7.2/../../../../avr/lib/avrxmega7\libm.a(floatsisf.o)
                              interrupt.o (__floatsisf)
d:/program files (x86)/atmel/atmel toolchain/avr8 gcc/native/3.4.2.1002/avr8-gnu-toolchain/bin/../lib/gcc/avr/4.7.2/../../../../avr/lib/avrxmega7\libm.a(fp_cmp.o)
                              d:/program files (x86)/atmel/atmel toolchain/avr8 gcc/native/3.4.2.1002/avr8-gnu-toolchain/bin/../lib/gcc/avr/4.7.2/../../../../avr/lib/avrxmega7\libm.a(cmpsf2.o) (__fp_cmp)
d:/program files (x86)/atmel/atmel toolchain/avr8 gcc/native/3.4.2.1002/avr8-gnu-toolchain/bin/../lib/gcc/avr/4.7.2/../../../../avr/lib/avrxmega7\libm.a(fp_inf.o)
                              d:/program files (x86)/atmel/atmel toolchain/avr8 gcc/native/3.4.2.1002/avr8-gnu-toolchain/bin/../lib/gcc/avr/4.7.2/../../../../avr/lib/avrxmega7\libm.a(addsf3x.o) (__fp_inf)
d:/program files (x86)/atmel/atmel toolchain/avr8 gcc/native/3.4.2.1002/avr8-gnu-toolchain/bin/../lib/gcc/avr/4.7.2/../../../../avr/lib/avrxmega7\libm.a(fp_nan.o)
                              d:/program files (x86)/atmel/atmel toolchain/avr8 gcc/native/3.4.2.1002/avr8-gnu-toolchain/bin/../lib/gcc/avr/4.7.2/../../../../avr/lib/avrxmega7\libm.a(addsf3x.o) (__fp_nan)
d:/program files (x86)/atmel/atmel toolchain/avr8 gcc/native/3.4.2.1002/avr8-gnu-toolchain/bin/../lib/gcc/avr/4.7.2/../../../../avr/lib/avrxmega7\libm.a(fp_powser.o)
                              d:/program files (x86)/atmel/atmel toolchain/avr8 gcc/native/3.4.2.1002/avr8-gnu-toolchain/bin/../lib/gcc/avr/4.7.2/../../../../avr/lib/avrxmega7\libm.a(atan.o) (__fp_powser)
d:/program files (x86)/atmel/atmel toolchain/avr8 gcc/native/3.4.2.1002/avr8-gnu-toolchain/bin/../lib/gcc/avr/4.7.2/../../../../avr/lib/avrxmega7\libm.a(fp_pscA.o)
                              d:/program files (x86)/atmel/atmel toolchain/avr8 gcc/native/3.4.2.1002/avr8-gnu-toolchain/bin/../lib/gcc/avr/4.7.2/../../../../avr/lib/avrxmega7\libm.a(addsf3x.o) (__fp_pscA)
[...]
Memory Configuration

Name             Origin             Length             Attributes
text             0x00000000         0x00100000         xr
data             0x00802000         0x0000ffa0         rw !x
eeprom           0x00810000         0x00010000         rw !x
fuse             0x00820000         0x00000400         rw !x
lock             0x00830000         0x00000400         rw !x
signature        0x00840000         0x00000400         rw !x
user_signatures  0x00850000         0x00000400         rw !x
*default*        0x00000000         0xffffffff

Linker script and memory map

LOAD d:/program files (x86)/atmel/atmel toolchain/avr8 gcc/native/3.4.2.1002/avr8-gnu-toolchain/bin/../lib/gcc/avr/4.7.2/../../../../avr/lib/avrxmega7/crtx128a1.o
LOAD adc_driver.o
LOAD hardware.o
LOAD interrupt.o
LOAD mechanism.o
LOAD port_driver.o
LOAD TC_driver.o
LOAD testiranje.o
LOAD usart_driver.o
LOAD X-Drive_Odometry.o
START GROUP
LOAD d:/program files (x86)/atmel/atmel toolchain/avr8 gcc/native/3.4.2.1002/avr8-gnu-toolchain/bin/../lib/gcc/avr/4.7.2/../../../../avr/lib/avrxmega7\libm.a
END GROUP
LOAD d:/program files (x86)/atmel/atmel toolchain/avr8 gcc/native/3.4.2.1002/avr8-gnu-toolchain/bin/../lib/gcc/avr/4.7.2/avrxmega7\libgcc.a
LOAD d:/program files (x86)/atmel/atmel toolchain/avr8 gcc/native/3.4.2.1002/avr8-gnu-toolchain/bin/../lib/gcc/avr/4.7.2/../../../../avr/lib/avrxmega7\libc.a
LOAD d:/program files (x86)/atmel/atmel toolchain/avr8 gcc/native/3.4.2.1002/avr8-gnu-toolchain/bin/../lib/gcc/avr/4.7.2/avrxmega7\libgcc.a

.hash
 *(.hash)

.dynsym
 *(.dynsym)

.dynstr
 *(.dynstr)

.gnu.version
 *(.gnu.version)

.gnu.version_d
 *(.gnu.version_d)

.gnu.version_r
 *(.gnu.version_r)

.rel.init
 *(.rel.init)

.rela.init
 *(.rela.init)

.rel.text
 *(.rel.text)
 *(.rel.text.*)
 *(.rel.gnu.linkonce.t*)

.rela.text
 *(.rela.text)
 *(.rela.text.*)
 *(.rela.gnu.linkonce.t*)

.rel.fini
 *(.rel.fini)

.rela.fini
 *(.rela.fini)

.rel.rodata
 *(.rel.rodata)
 *(.rel.rodata.*)
 *(.rel.gnu.linkonce.r*)

.rela.rodata
 *(.rela.rodata)
 *(.rela.rodata.*)
 *(.rela.gnu.linkonce.r*)

.rel.data
 *(.rel.data)
 *(.rel.data.*)
 *(.rel.gnu.linkonce.d*)

.rela.data
 *(.rela.data)
 *(.rela.data.*)
 *(.rela.gnu.linkonce.d*)

.rel.ctors
 *(.rel.ctors)

.rela.ctors
 *(.rela.ctors)

.rel.dtors
 *(.rel.dtors)

.rela.dtors
 *(.rela.dtors)

.rel.got
 *(.rel.got)

.rela.got
 *(.rela.got)

.rel.bss
 *(.rel.bss)

.rela.bss
 *(.rela.bss)

.rel.plt
 *(.rel.plt)

.rela.plt
 *(.rela.plt)

.text           0x00000000     0x74b0
 *(.vectors)
 .vectors       0x00000000      0x1f4 d:/program files (x86)/atmel/atmel toolchain/avr8 gcc/native/3.4.2.1002/avr8-gnu-toolchain/bin/../lib/gcc/avr/4.7.2/../../../../avr/lib/avrxmega7/crtx128a1.o
                0x00000000                __vector_default
                0x00000000                __vectors
 *(.vectors)
 *(.progmem.gcc*)
 .progmem.gcc_fplib
                0x000001f4       0x2d d:/program files (x86)/atmel/atmel toolchain/avr8 gcc/native/3.4.2.1002/avr8-gnu-toolchain/bin/../lib/gcc/avr/4.7.2/../../../../avr/lib/avrxmega7\libm.a(atan.o)
 .progmem.gcc_fplib
                0x00000221       0x1e d:/program files (x86)/atmel/atmel toolchain/avr8 gcc/native/3.4.2.1002/avr8-gnu-toolchain/bin/../lib/gcc/avr/4.7.2/../../../../avr/lib/avrxmega7\libm.a(fp_sinus.o)
 *(.progmem*)
                0x00000240                . = ALIGN (0x2)
 *fill*         0x0000023f        0x1 
                0x00000240                __trampolines_start = .
 *(.trampolines)
 .trampolines   0x00000240        0x0 linker stubs
 *(.trampolines*)
                0x00000240                __trampolines_end = .
 *(.jumptables)
 *(.jumptables*)
 *(.lowtext)
 *(.lowtext*)
                0x00000240                __ctors_start = .
 *(.ctors)
                0x00000240                __ctors_end = .
                0x00000240                __dtors_start = .
 *(.dtors)
                0x00000240                __dtors_end = .
 SORT(*)(.ctors)
 SORT(*)(.dtors)
 *(.init0)
 .init0         0x00000240        0x0 d:/program files (x86)/atmel/atmel toolchain/avr8 gcc/native/3.4.2.1002/avr8-gnu-toolchain/bin/../lib/gcc/avr/4.7.2/../../../../avr/lib/avrxmega7/crtx128a1.o
                0x00000240                __init
 *(.init0)
 *(.init1)
 *(.init1)
 *(.init2)
 .init2         0x00000240       0x18 d:/program files (x86)/atmel/atmel toolchain/avr8 gcc/native/3.4.2.1002/avr8-gnu-toolchain/bin/../lib/gcc/avr/4.7.2/../../../../avr/lib/avrxmega7/crtx128a1.o
 *(.init2)
 *(.init3)
 *(.init3)
 *(.init4)
 .init4         0x00000258       0x1c d:/program files (x86)/atmel/atmel toolchain/avr8 gcc/native/3.4.2.1002/avr8-gnu-toolchain/bin/../lib/gcc/avr/4.7.2/avrxmega7\libgcc.a(_copy_data.o)
                0x00000258                __do_copy_data
 .init4         0x00000274       0x10 d:/program files (x86)/atmel/atmel toolchain/avr8 gcc/native/3.4.2.1002/avr8-gnu-toolchain/bin/../lib/gcc/avr/4.7.2/avrxmega7\libgcc.a(_clear_bss.o)
                0x00000274                __do_clear_bss
 *(.init4)
 *(.init5)
 *(.init5)
 *(.init6)
 *(.init6)
 *(.init7)
 *(.init7)
 *(.init8)
 *(.init8)
 *(.init9)
 .init9         0x00000284        0x8 d:/program files (x86)/atmel/atmel toolchain/avr8 gcc/native/3.4.2.1002/avr8-gnu-toolchain/bin/../lib/gcc/avr/4.7.2/../../../../avr/lib/avrxmega7/crtx128a1.o
 *(.init9)
 *(.text)
 .text          0x0000028c        0x2 d:/program files (x86)/atmel/atmel toolchain/avr8 gcc/native/3.4.2.1002/avr8-gnu-toolchain/bin/../lib/gcc/avr/4.7.2/../../../../avr/lib/avrxmega7/crtx128a1.o
                0x0000028c                __vector_38
                0x0000028c                __vector_104
                0x0000028c                __vector_22
                0x0000028c                __vector_63
                0x0000028c                __vector_28
                0x0000028c                __vector_67
                0x0000028c                __vector_1
                0x0000028c                __vector_119
                0x0000028c                __vector_32
                0x0000028c                __vector_75
                0x0000028c                __vector_71
                0x0000028c                __vector_91
                0x0000028c                __vector_102
                0x0000028c                __vector_24
                0x0000028c                __vector_12
                0x0000028c                __vector_55
                0x0000028c                __vector_69
                0x0000028c                __vector_81
                0x0000028c                __vector_90
                0x0000028c                __vector_46
                0x0000028c                __bad_interrupt
                0x0000028c                __vector_122
                0x0000028c                __vector_72
                0x0000028c                __vector_114
                0x0000028c                __vector_6
                0x0000028c                __vector_31
                0x0000028c                __vector_92
                0x0000028c                __vector_35
                0x0000028c                __vector_78
                0x0000028c                __vector_74
                0x0000028c                __vector_117
                0x0000028c                __vector_39
                0x0000028c                __vector_107
                0x0000028c                __vector_3
                0x0000028c                __vector_105
                0x0000028c                __vector_98
                0x0000028c                __vector_23
                0x0000028c                __vector_68
                0x0000028c                __vector_30
                0x0000028c                __vector_73
                0x0000028c                __vector_45
                0x0000028c                __vector_93
                0x0000028c                __vector_11
                0x0000028c                __vector_54
                0x0000028c                __vector_99
                0x0000028c                __vector_13
                0x0000028c                __vector_17
                0x0000028c                __vector_19
                0x0000028c                __vector_56
                0x0000028c                __vector_7
                0x0000028c                __vector_49
                0x0000028c                __vector_123
                0x0000028c                __vector_41
                0x0000028c                __vector_86
                0x0000028c                __vector_100
                0x0000028c                __vector_101
                0x0000028c                __vector_64
                0x0000028c                __vector_88
                0x0000028c                __vector_109
                0x0000028c                __vector_43
                0x0000028c                __vector_27
                0x0000028c                __vector_5
                0x0000028c                __vector_113
                0x0000028c                __vector_33
                0x0000028c                __vector_76
                0x0000028c                __vector_115
                0x0000028c                __vector_47
                0x0000028c                __vector_52
                0x0000028c                __vector_37
                0x0000028c                __vector_95
                0x0000028c                __vector_103
                0x0000028c                __vector_96
                0x0000028c                __vector_89
                0x0000028c                __vector_4
                0x0000028c                __vector_44
                0x0000028c                __vector_82
                0x0000028c                __vector_106
                0x0000028c                __vector_118
                0x0000028c                __vector_51
                0x0000028c                __vector_9
                0x0000028c                __vector_2
                0x0000028c                __vector_21
                0x0000028c                __vector_15
                0x0000028c                __vector_66
                0x0000028c                __vector_36
                0x0000028c                __vector_79
                0x0000028c                __vector_70
                0x0000028c                __vector_29
                0x0000028c                __vector_60
                0x0000028c                __vector_121
                0x0000028c                __vector_40
                0x0000028c                __vector_85
                0x0000028c                __vector_94
                0x0000028c                __vector_8
                0x0000028c                __vector_48
                0x0000028c                __vector_124
                0x0000028c                __vector_116
                0x0000028c                __vector_112
                0x0000028c                __vector_111
                0x0000028c                __vector_80
                0x0000028c                __vector_14
                0x0000028c                __vector_84
                0x0000028c                __vector_57
                0x0000028c                __vector_10
                0x0000028c                __vector_50
                0x0000028c                __vector_16
                0x0000028c                __vector_18
                0x0000028c                __vector_97
                0x0000028c                __vector_20
                0x0000028c                __vector_42
                0x0000028c                __vector_87
                0x0000028c                __vector_65
                0x0000028c                __vector_120
                0x0000028e                . = ALIGN (0x2)
 *(.text.*)
 .text.ADC_ResultCh_GetWord
                0x0000028e       0x1e adc_driver.o
                0x0000028e                ADC_ResultCh_GetWord
 .text.ADC_ResultCh_GetLowByte
                0x000002ac        0xc adc_driver.o
                0x000002ac                ADC_ResultCh_GetLowByte
 .text.ADC_Wait_32MHz
                0x000002b8       0x18 adc_driver.o
                0x000002b8                ADC_Wait_32MHz
 .text.ADC_Offset_Get
                0x000002d0       0x50 adc_driver.o
                0x000002d0                ADC_Offset_Get
 .text.SP_ReadCalibrationByte
                0x00000320       0x12 adc_driver.o
                0x00000320                SP_ReadCalibrationByte
 .text.ADC_CalibrationValues_Set
                0x00000332       0x2e adc_driver.o
                0x00000332                ADC_CalibrationValues_Set
 .text.Podesi_Parametre_Robota
                0x00000360      0x138 hardware.o
                0x00000360                Podesi_Parametre_Robota
 .text.Podesi_PID_Pojacanja
                0x00000498       0xee hardware.o
                0x00000498                Podesi_PID_Pojacanja
 .text.Podesi_QDEC
                0x00000586       0x70 hardware.o
                0x00000586                Podesi_QDEC
 .text.PodesiADC
                0x000005f6       0x6c hardware.o
                0x000005f6                PodesiADC
 .text.Podesi_Interapt
                0x00000662       0x20 hardware.o
                0x00000662                Podesi_Interapt
 .text.Podesi_Oscilator
                0x00000682       0x24 hardware.o
                0x00000682                Podesi_Oscilator
 .text.Podesi_USART_Komunikaciju
                0x000006a6      0x100 hardware.o
                0x000006a6                Podesi_USART_Komunikaciju
 .text.Podesi_Tajmere
                0x000007a6       0x20 hardware.o
                0x000007a6                Podesi_Tajmere
 .text.Podesi_PWM
                0x000007c6       0x28 hardware.o
                0x000007c6                Podesi_PWM
 .text.Podesi_Pinove
                0x000007ee       0x54 hardware.o
                0x000007ee                Podesi_Pinove
 .text.__vector_53
                0x00000842      0x1e0 interrupt.o
                0x00000842                __vector_53
 .text.__vector_58
                0x00000a22     0x1206 interrupt.o
                0x00000a22                __vector_58
 .text.__vector_61
                0x00001c28     0x1992 interrupt.o
                0x00001c28                __vector_61
 .text.__vector_25
                0x000035ba     0x105e interrupt.o
                0x000035ba                __vector_25
 .text.__vector_77
                0x00004618       0x54 interrupt.o
                0x00004618                __vector_77
 .text.__vector_83
                0x0000466c       0x54 interrupt.o
                0x0000466c                __vector_83
 .text.__vector_59
                0x000046c0       0x6a interrupt.o
                0x000046c0                __vector_59
 .text.__vector_62
                0x0000472a       0x6a interrupt.o
                0x0000472a                __vector_62
 .text.__vector_26
                0x00004794       0x6a interrupt.o
                0x00004794                __vector_26
 .text.__vector_34
                0x000047fe      0x3b6 interrupt.o
                0x000047fe                __vector_34
 .text.Racunanje_trenutne_pozicije
                0x00004bb4      0x44e mechanism.o
                0x00004bb4                Racunanje_trenutne_pozicije
 .text.Pracenje_pravca
                0x00005002      0x4dc mechanism.o
                0x00005002                Pracenje_pravca
 .text.PID_pravolinijski
                0x000054de      0x4bc mechanism.o
                0x000054de                PID_pravolinijski
 .text.PID_ugaoni
                0x0000599a      0x500 mechanism.o
                0x0000599a                PID_ugaoni
 .text.PID_brzinski
                0x00005e9a      0x634 mechanism.o
                0x00005e9a                PID_brzinski
 .text.PGM_Mode
                0x000064ce       0x1e mechanism.o
                0x000064ce                PGM_Mode
 .text.PORT_ConfigureInterrupt0
                0x000064ec        0xe port_driver.o
                0x000064ec                PORT_ConfigureInterrupt0
 .text.PORT_ConfigurePins
                0x000064fa       0x32 port_driver.o
                0x000064fa                PORT_ConfigurePins
 .text.TC1_ConfigClockSource
                0x0000652c        0xc TC_driver.o
                0x0000652c                TC1_ConfigClockSource
 .text.TC1_SetOverflowIntLevel
                0x00006538        0xc TC_driver.o
                0x00006538                TC1_SetOverflowIntLevel
 .text.nuliraj_poziciju_robota
                0x00006544       0xbc testiranje.o
                0x00006544                nuliraj_poziciju_robota
 .text.idi_pravo
                0x00006600       0xac testiranje.o
                0x00006600                idi_pravo
 .text.idi_unazad
                0x000066ac       0xac testiranje.o
                0x000066ac                idi_unazad
 .text.inicijalizuj_bluetooth
                0x00006758       0x3e testiranje.o
                0x00006758                inicijalizuj_bluetooth
 .text.sendChar
                0x00006796       0x10 testiranje.o
                0x00006796                sendChar
 .text.sendMsg  0x000067a6       0x1c testiranje.o
                0x000067a6                sendMsg
 .text.__vector_110
                0x000067c2       0x3e testiranje.o
                0x000067c2                __vector_110
 .text.__vector_108
                0x00006800       0x3e testiranje.o
                0x00006800                __vector_108
 .text.demo_2   0x0000683e      0x2cc testiranje.o
                0x0000683e                demo_2
 .text.USART_InterruptDriver_Initialize
                0x00006b0a       0x28 usart_driver.o
                0x00006b0a                USART_InterruptDriver_Initialize
 .text.USART_TXBuffer_FreeSpace
                0x00006b32       0x1c usart_driver.o
                0x00006b32                USART_TXBuffer_FreeSpace
 .text.USART_TXBuffer_PutByte
                0x00006b4e       0x3e usart_driver.o
                0x00006b4e                USART_TXBuffer_PutByte
 .text.USART_RXBuffer_GetByte
                0x00006b8c       0x1c usart_driver.o
                0x00006b8c                USART_RXBuffer_GetByte
 .text.USART_RXComplete
                0x00006ba8       0x3c usart_driver.o
                0x00006ba8                USART_RXComplete
 .text.USART_DataRegEmpty
                0x00006be4       0x4e usart_driver.o
                0x00006be4                USART_DataRegEmpty
 .text.main     0x00006c32       0xb0 X-Drive_Odometry.o
                0x00006c32                main
 .text.avr-libc.fplib
                0x00006ce2        0xa d:/program files (x86)/atmel/atmel toolchain/avr8 gcc/native/3.4.2.1002/avr8-gnu-toolchain/bin/../lib/gcc/avr/4.7.2/../../../../avr/lib/avrxmega7\libm.a(addsf3.o)
                0x00006ce2                __subsf3
                0x00006ce4                __addsf3
 .text.avr-libc.fplib
                0x00006cec       0xc0 d:/program files (x86)/atmel/atmel toolchain/avr8 gcc/native/3.4.2.1002/avr8-gnu-toolchain/bin/../lib/gcc/avr/4.7.2/../../../../avr/lib/avrxmega7\libm.a(addsf3x.o)
                0x00006d06                __addsf3x
 .text.avr-libc.fplib
                0x00006dac       0x74 d:/program files (x86)/atmel/atmel toolchain/avr8 gcc/native/3.4.2.1002/avr8-gnu-toolchain/bin/../lib/gcc/avr/4.7.2/../../../../avr/lib/avrxmega7\libm.a(atan2.o)
                0x00006dca                atan2
 .text.avr-libc.fplib
                0x00006e20       0x50 d:/program files (x86)/atmel/atmel toolchain/avr8 gcc/native/3.4.2.1002/avr8-gnu-toolchain/bin/../lib/gcc/avr/4.7.2/../../../../avr/lib/avrxmega7\libm.a(atan.o)
                0x00006e20                atan
 .text.avr-libc.fplib
                0x00006e70        0x8 d:/program files (x86)/atmel/atmel toolchain/avr8 gcc/native/3.4.2.1002/avr8-gnu-toolchain/bin/../lib/gcc/avr/4.7.2/../../../../avr/lib/avrxmega7\libm.a(cmpsf2.o)
                0x00006e70                __nesf2
                0x00006e70                __eqsf2
                0x00006e70                __cmpsf2
                0x00006e70                __ltsf2
                0x00006e70                __lesf2
 .text.avr-libc.fplib
                0x00006e78        0x6 d:/program files (x86)/atmel/atmel toolchain/avr8 gcc/native/3.4.2.1002/avr8-gnu-toolchain/bin/../lib/gcc/avr/4.7.2/../../../../avr/lib/avrxmega7\libm.a(cos.o)
                0x00006e78                cos
 .text.avr-libc.fplib
                0x00006e7e        0x4 d:/program files (x86)/atmel/atmel toolchain/avr8 gcc/native/3.4.2.1002/avr8-gnu-toolchain/bin/../lib/gcc/avr/4.7.2/../../../../avr/lib/avrxmega7\libm.a(divsf3.o)
                0x00006e7e                __divsf3
 .text.avr-libc.fplib
                0x00006e82       0xcc d:/program files (x86)/atmel/atmel toolchain/avr8 gcc/native/3.4.2.1002/avr8-gnu-toolchain/bin/../lib/gcc/avr/4.7.2/../../../../avr/lib/avrxmega7\libm.a(divsf3x.o)
                0x00006e98                __divsf3x
                0x00006e9c                __divsf3_pse
 .text.avr-libc.fplib
                0x00006f4e        0xa d:/program files (x86)/atmel/atmel toolchain/avr8 gcc/native/3.4.2.1002/avr8-gnu-toolchain/bin/../lib/gcc/avr/4.7.2/../../../../avr/lib/avrxmega7\libm.a(fixsfsi.o)
                0x00006f4e                __fixsfsi
 .text.avr-libc.fplib
                0x00006f58       0x58 d:/program files (x86)/atmel/atmel toolchain/avr8 gcc/native/3.4.2.1002/avr8-gnu-toolchain/bin/../lib/gcc/avr/4.7.2/../../../../avr/lib/avrxmega7\libm.a(fixunssfsi.o)
                0x00006f58                __fixunssfsi
 .text.avr-libc.fplib
                0x00006fb0       0x7a d:/program files (x86)/atmel/atmel toolchain/avr8 gcc/native/3.4.2.1002/avr8-gnu-toolchain/bin/../lib/gcc/avr/4.7.2/../../../../avr/lib/avrxmega7\libm.a(floatsisf.o)
                0x00006fb0                __floatunsisf
                0x00006fb4                __floatsisf
 .text.avr-libc.fplib
                0x0000702a       0x48 d:/program files (x86)/atmel/atmel toolchain/avr8 gcc/native/3.4.2.1002/avr8-gnu-toolchain/bin/../lib/gcc/avr/4.7.2/../../../../avr/lib/avrxmega7\libm.a(fp_cmp.o)
                0x0000702a                __fp_cmp
 .text.avr-libc.fplib
                0x00007072        0xc d:/program files (x86)/atmel/atmel toolchain/avr8 gcc/native/3.4.2.1002/avr8-gnu-toolchain/bin/../lib/gcc/avr/4.7.2/../../../../avr/lib/avrxmega7\libm.a(fp_inf.o)
                0x00007072                __fp_inf
 .text.avr-libc.fplib
                0x0000707e        0x6 d:/program files (x86)/atmel/atmel toolchain/avr8 gcc/native/3.4.2.1002/avr8-gnu-toolchain/bin/../lib/gcc/avr/4.7.2/../../../../avr/lib/avrxmega7\libm.a(fp_nan.o)
                0x0000707e                __fp_nan
 .text.avr-libc.fplib
                0x00007084       0x4a d:/program files (x86)/atmel/atmel toolchain/avr8 gcc/native/3.4.2.1002/avr8-gnu-toolchain/bin/../lib/gcc/avr/4.7.2/../../../../avr/lib/avrxmega7\libm.a(fp_powser.o)
                0x00007084                __fp_powser
 .text.avr-libc.fplib
                0x000070ce        0xe d:/program files (x86)/atmel/atmel toolchain/avr8 gcc/native/3.4.2.1002/avr8-gnu-toolchain/bin/../lib/gcc/avr/4.7.2/../../../../avr/lib/avrxmega7\libm.a(fp_pscA.o)
                0x000070ce                __fp_pscA
 .text.avr-libc.fplib
                0x000070dc        0xe d:/program files (x86)/atmel/atmel toolchain/avr8 gcc/native/3.4.2.1002/avr8-gnu-toolchain/bin/../lib/gcc/avr/4.7.2/../../../../avr/lib/avrxmega7\libm.a(fp_pscB.o)
                0x000070dc                __fp_pscB
 .text.avr-libc.fplib
                0x000070ea       0x50 d:/program files (x86)/atmel/atmel toolchain/avr8 gcc/native/3.4.2.1002/avr8-gnu-toolchain/bin/../lib/gcc/avr/4.7.2/../../../../avr/lib/avrxmega7\libm.a(fp_rempio2.o)
                0x000070ec                __fp_rempio2
 .text.avr-libc.fplib
                0x0000713a       0x22 d:/program files (x86)/atmel/atmel toolchain/avr8 gcc/native/3.4.2.1002/avr8-gnu-toolchain/bin/../lib/gcc/avr/4.7.2/../../../../avr/lib/avrxmega7\libm.a(fp_round.o)
                0x0000713a                __fp_round
 .text.avr-libc.fplib
                0x0000715c       0x22 d:/program files (x86)/atmel/atmel toolchain/avr8 gcc/native/3.4.2.1002/avr8-gnu-toolchain/bin/../lib/gcc/avr/4.7.2/../../../../avr/lib/avrxmega7\libm.a(fp_sinus.o)
                0x0000715c                __fp_sinus
 .text.avr-libc.fplib
                0x0000717e       0x44 d:/program files (x86)/atmel/atmel toolchain/avr8 gcc/native/3.4.2.1002/avr8-gnu-toolchain/bin/../lib/gcc/avr/4.7.2/../../../../avr/lib/avrxmega7\libm.a(fp_split3.o)
                0x0000717e                __fp_split3
                0x0000718e                __fp_splitA
 .text.avr-libc.fplib
                0x000071c2        0xe d:/program files (x86)/atmel/atmel toolchain/avr8 gcc/native/3.4.2.1002/avr8-gnu-toolchain/bin/../lib/gcc/avr/4.7.2/../../../../avr/lib/avrxmega7\libm.a(fp_zero.o)
                0x000071c2                __fp_zero
                0x000071c4                __fp_szero
 .text.avr-libc.fplib
                0x000071d0        0x8 d:/program files (x86)/atmel/atmel toolchain/avr8 gcc/native/3.4.2.1002/avr8-gnu-toolchain/bin/../lib/gcc/avr/4.7.2/../../../../avr/lib/avrxmega7\libm.a(gesf2.o)
                0x000071d0                __gesf2
                0x000071d0                __gtsf2
 .text.avr-libc.fplib
                0x000071d8        0xe d:/program files (x86)/atmel/atmel toolchain/avr8 gcc/native/3.4.2.1002/avr8-gnu-toolchain/bin/../lib/gcc/avr/4.7.2/../../../../avr/lib/avrxmega7\libm.a(inverse.o)
                0x000071d8                inverse
 .text.avr-libc.fplib
                0x000071e6        0x4 d:/program files (x86)/atmel/atmel toolchain/avr8 gcc/native/3.4.2.1002/avr8-gnu-toolchain/bin/../lib/gcc/avr/4.7.2/../../../../avr/lib/avrxmega7\libm.a(mulsf3.o)
                0x000071e6                __mulsf3
 .text.avr-libc.fplib
                0x000071ea       0xc2 d:/program files (x86)/atmel/atmel toolchain/avr8 gcc/native/3.4.2.1002/avr8-gnu-toolchain/bin/../lib/gcc/avr/4.7.2/../../../../avr/lib/avrxmega7\libm.a(mulsf3x.o)
                0x000071fe                __mulsf3x
                0x00007202                __mulsf3_pse
 .text.avr-libc.fplib
                0x000072ac        0xc d:/program files (x86)/atmel/atmel toolchain/avr8 gcc/native/3.4.2.1002/avr8-gnu-toolchain/bin/../lib/gcc/avr/4.7.2/../../../../avr/lib/avrxmega7\libm.a(sin.o)
                0x000072ac                sin
 .text.avr-libc.fplib
                0x000072b8       0x84 d:/program files (x86)/atmel/atmel toolchain/avr8 gcc/native/3.4.2.1002/avr8-gnu-toolchain/bin/../lib/gcc/avr/4.7.2/../../../../avr/lib/avrxmega7\libm.a(sqrt.o)
                0x000072c0                sqrt
 .text.avr-libc.fplib
                0x0000733c        0x6 d:/program files (x86)/atmel/atmel toolchain/avr8 gcc/native/3.4.2.1002/avr8-gnu-toolchain/bin/../lib/gcc/avr/4.7.2/../../../../avr/lib/avrxmega7\libm.a(square.o)
                0x0000733c                square
 .text.avr-libc.fplib
                0x00007342       0x1c d:/program files (x86)/atmel/atmel toolchain/avr8 gcc/native/3.4.2.1002/avr8-gnu-toolchain/bin/../lib/gcc/avr/4.7.2/../../../../avr/lib/avrxmega7\libm.a(fp_mpack.o)
                0x00007342                __fp_mpack
                0x00007346                __fp_mpack_finite
 .text.avr-libc.fplib
                0x0000735e        0xe d:/program files (x86)/atmel/atmel toolchain/avr8 gcc/native/3.4.2.1002/avr8-gnu-toolchain/bin/../lib/gcc/avr/4.7.2/../../../../avr/lib/avrxmega7\libm.a(fp_norm2.o)
                0x0000735e                __fp_norm2
 .text.avr-libc.fplib
                0x0000736c       0x22 d:/program files (x86)/atmel/atmel toolchain/avr8 gcc/native/3.4.2.1002/avr8-gnu-toolchain/bin/../lib/gcc/avr/4.7.2/../../../../avr/lib/avrxmega7\libm.a(fp_powsodd.o)
                0x0000736c                __fp_powsodd
 .text.libgcc.mul
                0x0000738e       0x1e d:/program files (x86)/atmel/atmel toolchain/avr8 gcc/native/3.4.2.1002/avr8-gnu-toolchain/bin/../lib/gcc/avr/4.7.2/avrxmega7\libgcc.a(_mulsi3.o)
                0x0000738e                __mulsi3
 .text.libgcc.div
                0x000073ac       0x26 d:/program files (x86)/atmel/atmel toolchain/avr8 gcc/native/3.4.2.1002/avr8-gnu-toolchain/bin/../lib/gcc/avr/4.7.2/avrxmega7\libgcc.a(_divmodhi4.o)
                0x000073ac                _div
                0x000073ac                __divmodhi4
 .text.libgcc.div
                0x000073d2       0x44 d:/program files (x86)/atmel/atmel toolchain/avr8 gcc/native/3.4.2.1002/avr8-gnu-toolchain/bin/../lib/gcc/avr/4.7.2/avrxmega7\libgcc.a(_udivmodsi4.o)
                0x000073d2                __udivmodsi4
 .text.libgcc.div
                0x00007416       0x36 d:/program files (x86)/atmel/atmel toolchain/avr8 gcc/native/3.4.2.1002/avr8-gnu-toolchain/bin/../lib/gcc/avr/4.7.2/avrxmega7\libgcc.a(_divmodsi4.o)
                0x00007416                __divmodsi4
 .text.libgcc.mul
                0x0000744c       0x14 d:/program files (x86)/atmel/atmel toolchain/avr8 gcc/native/3.4.2.1002/avr8-gnu-toolchain/bin/../lib/gcc/avr/4.7.2/avrxmega7\libgcc.a(_muluhisi3.o)
                0x0000744c                __muluhisi3
 .text.libgcc.mul
                0x00007460        0xc d:/program files (x86)/atmel/atmel toolchain/avr8 gcc/native/3.4.2.1002/avr8-gnu-toolchain/bin/../lib/gcc/avr/4.7.2/avrxmega7\libgcc.a(_mulshisi3.o)
                0x00007460                __mulshisi3
                0x00007464                __mulohisi3
 .text.libgcc.div
                0x0000746c       0x28 d:/program files (x86)/atmel/atmel toolchain/avr8 gcc/native/3.4.2.1002/avr8-gnu-toolchain/bin/../lib/gcc/avr/4.7.2/avrxmega7\libgcc.a(_udivmodhi4.o)
                0x0000746c                __udivmodhi4
 .text.libgcc.mul
                0x00007494       0x18 d:/program files (x86)/atmel/atmel toolchain/avr8 gcc/native/3.4.2.1002/avr8-gnu-toolchain/bin/../lib/gcc/avr/4.7.2/avrxmega7\libgcc.a(_umulhisi3.o)
                0x00007494                __umulhisi3
                0x000074ac                . = ALIGN (0x2)
 *(.fini9)
 .fini9         0x000074ac        0x0 d:/program files (x86)/atmel/atmel toolchain/avr8 gcc/native/3.4.2.1002/avr8-gnu-toolchain/bin/../lib/gcc/avr/4.7.2/avrxmega7\libgcc.a(_exit.o)
                0x000074ac                _exit
                0x000074ac                exit
 *(.fini9)
 *(.fini8)
 *(.fini8)
 *(.fini7)
 *(.fini7)
 *(.fini6)
 *(.fini6)
 *(.fini5)
 *(.fini5)
 *(.fini4)
 *(.fini4)
 *(.fini3)
 *(.fini3)
 *(.fini2)
 *(.fini2)
 *(.fini1)
 *(.fini1)
 *(.fini0)
 .fini0         0x000074ac        0x4 d:/program files (x86)/atmel/atmel toolchain/avr8 gcc/native/3.4.2.1002/avr8-gnu-toolchain/bin/../lib/gcc/avr/4.7.2/avrxmega7\libgcc.a(_exit.o)
 *(.fini0)
                0x000074b0                _etext = .

.data           0x00802000       0x10 load address 0x000074b0
                0x00802000                PROVIDE (__data_start, .)
 *(.data)
 .data          0x00802000        0x0 d:/program files (x86)/atmel/atmel toolchain/avr8 gcc/native/3.4.2.1002/avr8-gnu-toolchain/bin/../lib/gcc/avr/4.7.2/../../../../avr/lib/avrxmega7/crtx128a1.o
 .data          0x00802000        0x0 adc_driver.o
 .data          0x00802000        0x0 hardware.o
 .data          0x00802000        0x0 interrupt.o
 .data          0x00802000        0x0 mechanism.o
 .data          0x00802000        0x0 port_driver.o
 .data          0x00802000        0x0 TC_driver.o
 .data          0x00802000        0x0 testiranje.o
 .data          0x00802000        0x0 usart_driver.o
 .data          0x00802000        0x0 X-Drive_Odometry.o
 .data          0x00802000        0x0 d:/program files (x86)/atmel/atmel toolchain/avr8 gcc/native/3.4.2.1002/avr8-gnu-toolchain/bin/../lib/gcc/avr/4.7.2/../../../../avr/lib/avrxmega7\libm.a(addsf3.o)
 .data          0x00802000        0x0 d:/program files (x86)/atmel/atmel toolchain/avr8 gcc/native/3.4.2.1002/avr8-gnu-toolchain/bin/../lib/gcc/avr/4.7.2/../../../../avr/lib/avrxmega7\libm.a(addsf3x.o)
 .data          0x00802000        0x0 d:/program files (x86)/atmel/atmel toolchain/avr8 gcc/native/3.4.2.1002/avr8-gnu-toolchain/bin/../lib/gcc/avr/4.7.2/../../../../avr/lib/avrxmega7\libm.a(atan2.o)
 .data          0x00802000        0x0 d:/program files (x86)/atmel/atmel toolchain/avr8 gcc/native/3.4.2.1002/avr8-gnu-toolchain/bin/../lib/gcc/avr/4.7.2/../../../../avr/lib/avrxmega7\libm.a(atan.o)
 .data          0x00802000        0x0 d:/program files (x86)/atmel/atmel toolchain/avr8 gcc/native/3.4.2.1002/avr8-gnu-toolchain/bin/../lib/gcc/avr/4.7.2/../../../../avr/lib/avrxmega7\libm.a(cmpsf2.o)
 .data          0x00802000        0x0 d:/program files (x86)/atmel/atmel toolchain/avr8 gcc/native/3.4.2.1002/avr8-gnu-toolchain/bin/../lib/gcc/avr/4.7.2/../../../../avr/lib/avrxmega7\libm.a(cos.o)
 .data          0x00802000        0x0 d:/program files (x86)/atmel/atmel toolchain/avr8 gcc/native/3.4.2.1002/avr8-gnu-toolchain/bin/../lib/gcc/avr/4.7.2/../../../../avr/lib/avrxmega7\libm.a(divsf3.o)
 .data          0x00802000        0x0 d:/program files (x86)/atmel/atmel toolchain/avr8 gcc/native/3.4.2.1002/avr8-gnu-toolchain/bin/../lib/gcc/avr/4.7.2/../../../../avr/lib/avrxmega7\libm.a(divsf3x.o)
 .data          0x00802000        0x0 d:/program files (x86)/atmel/atmel toolchain/avr8 gcc/native/3.4.2.1002/avr8-gnu-toolchain/bin/../lib/gcc/avr/4.7.2/../../../../avr/lib/avrxmega7\libm.a(fixsfsi.o)
 .data          0x00802000        0x0 d:/program files (x86)/atmel/atmel toolchain/avr8 gcc/native/3.4.2.1002/avr8-gnu-toolchain/bin/../lib/gcc/avr/4.7.2/../../../../avr/lib/avrxmega7\libm.a(fixunssfsi.o)
 .data          0x00802000        0x0 d:/program files (x86)/atmel/atmel toolchain/avr8 gcc/native/3.4.2.1002/avr8-gnu-toolchain/bin/../lib/gcc/avr/4.7.2/../../../../avr/lib/avrxmega7\libm.a(floatsisf.o)
 .data          0x00802000        0x0 d:/program files (x86)/atmel/atmel toolchain/avr8 gcc/native/3.4.2.1002/avr8-gnu-toolchain/bin/../lib/gcc/avr/4.7.2/../../../../avr/lib/avrxmega7\libm.a(fp_cmp.o)
 .data          0x00802000        0x0 d:/program files (x86)/atmel/atmel toolchain/avr8 gcc/native/3.4.2.1002/avr8-gnu-toolchain/bin/../lib/gcc/avr/4.7.2/../../../../avr/lib/avrxmega7\libm.a(fp_inf.o)
 .data          0x00802000        0x0 d:/program files (x86)/atmel/atmel toolchain/avr8 gcc/native/3.4.2.1002/avr8-gnu-toolchain/bin/../lib/gcc/avr/4.7.2/../../../../avr/lib/avrxmega7\libm.a(fp_nan.o)
 .data          0x00802000        0x0 d:/program files (x86)/atmel/atmel toolchain/avr8 gcc/native/3.4.2.1002/avr8-gnu-toolchain/bin/../lib/gcc/avr/4.7.2/../../../../avr/lib/avrxmega7\libm.a(fp_powser.o)
 .data          0x00802000        0x0 d:/program files (x86)/atmel/atmel toolchain/avr8 gcc/native/3.4.2.1002/avr8-gnu-toolchain/bin/../lib/gcc/avr/4.7.2/../../../../avr/lib/avrxmega7\libm.a(fp_pscA.o)
 .data          0x00802000        0x0 d:/program files (x86)/atmel/atmel toolchain/avr8 gcc/native/3.4.2.1002/avr8-gnu-toolchain/bin/../lib/gcc/avr/4.7.2/../../../../avr/lib/avrxmega7\libm.a(fp_pscB.o)
 .data          0x00802000        0x0 d:/program files (x86)/atmel/atmel toolchain/avr8 gcc/native/3.4.2.1002/avr8-gnu-toolchain/bin/../lib/gcc/avr/4.7.2/../../../../avr/lib/avrxmega7\libm.a(fp_rempio2.o)
 .data          0x00802000        0x0 d:/program files (x86)/atmel/atmel toolchain/avr8 gcc/native/3.4.2.1002/avr8-gnu-toolchain/bin/../lib/gcc/avr/4.7.2/../../../../avr/lib/avrxmega7\libm.a(fp_round.o)
 .data          0x00802000        0x0 d:/program files (x86)/atmel/atmel toolchain/avr8 gcc/native/3.4.2.1002/avr8-gnu-toolchain/bin/../lib/gcc/avr/4.7.2/../../../../avr/lib/avrxmega7\libm.a(fp_sinus.o)
 .data          0x00802000        0x0 d:/program files (x86)/atmel/atmel toolchain/avr8 gcc/native/3.4.2.1002/avr8-gnu-toolchain/bin/../lib/gcc/avr/4.7.2/../../../../avr/lib/avrxmega7\libm.a(fp_split3.o)
 .data          0x00802000        0x0 d:/program files (x86)/atmel/atmel toolchain/avr8 gcc/native/3.4.2.1002/avr8-gnu-toolchain/bin/../lib/gcc/avr/4.7.2/../../../../avr/lib/avrxmega7\libm.a(fp_zero.o)
 .data          0x00802000        0x0 d:/program files (x86)/atmel/atmel toolchain/avr8 gcc/native/3.4.2.1002/avr8-gnu-toolchain/bin/../lib/gcc/avr/4.7.2/../../../../avr/lib/avrxmega7\libm.a(gesf2.o)
 .data          0x00802000        0x0 d:/program files (x86)/atmel/atmel toolchain/avr8 gcc/native/3.4.2.1002/avr8-gnu-toolchain/bin/../lib/gcc/avr/4.7.2/../../../../avr/lib/avrxmega7\libm.a(inverse.o)
 .data          0x00802000        0x0 d:/program files (x86)/atmel/atmel toolchain/avr8 gcc/native/3.4.2.1002/avr8-gnu-toolchain/bin/../lib/gcc/avr/4.7.2/../../../../avr/lib/avrxmega7\libm.a(mulsf3.o)
 .data          0x00802000        0x0 d:/program files (x86)/atmel/atmel toolchain/avr8 gcc/native/3.4.2.1002/avr8-gnu-toolchain/bin/../lib/gcc/avr/4.7.2/../../../../avr/lib/avrxmega7\libm.a(mulsf3x.o)
 .data          0x00802000        0x0 d:/program files (x86)/atmel/atmel toolchain/avr8 gcc/native/3.4.2.1002/avr8-gnu-toolchain/bin/../lib/gcc/avr/4.7.2/../../../../avr/lib/avrxmega7\libm.a(sin.o)
 .data          0x00802000        0x0 d:/program files (x86)/atmel/atmel toolchain/avr8 gcc/native/3.4.2.1002/avr8-gnu-toolchain/bin/../lib/gcc/avr/4.7.2/../../../../avr/lib/avrxmega7\libm.a(sqrt.o)
 .data          0x00802000        0x0 d:/program files (x86)/atmel/atmel toolchain/avr8 gcc/native/3.4.2.1002/avr8-gnu-toolchain/bin/../lib/gcc/avr/4.7.2/../../../../avr/lib/avrxmega7\libm.a(square.o)
 .data          0x00802000        0x0 d:/program files (x86)/atmel/atmel toolchain/avr8 gcc/native/3.4.2.1002/avr8-gnu-toolchain/bin/../lib/gcc/avr/4.7.2/../../../../avr/lib/avrxmega7\libm.a(fp_mpack.o)
 .data          0x00802000        0x0 d:/program files (x86)/atmel/atmel toolchain/avr8 gcc/native/3.4.2.1002/avr8-gnu-toolchain/bin/../lib/gcc/avr/4.7.2/../../../../avr/lib/avrxmega7\libm.a(fp_norm2.o)
 .data          0x00802000        0x0 d:/program files (x86)/atmel/atmel toolchain/avr8 gcc/native/3.4.2.1002/avr8-gnu-toolchain/bin/../lib/gcc/avr/4.7.2/../../../../avr/lib/avrxmega7\libm.a(fp_powsodd.o)
 .data          0x00802000        0x0 d:/program files (x86)/atmel/atmel toolchain/avr8 gcc/native/3.4.2.1002/avr8-gnu-toolchain/bin/../lib/gcc/avr/4.7.2/avrxmega7\libgcc.a(_mulsi3.o)
 .data          0x00802000        0x0 d:/program files (x86)/atmel/atmel toolchain/avr8 gcc/native/3.4.2.1002/avr8-gnu-toolchain/bin/../lib/gcc/avr/4.7.2/avrxmega7\libgcc.a(_divmodhi4.o)
 .data          0x00802000        0x0 d:/program files (x86)/atmel/atmel toolchain/avr8 gcc/native/3.4.2.1002/avr8-gnu-toolchain/bin/../lib/gcc/avr/4.7.2/avrxmega7\libgcc.a(_udivmodsi4.o)
 .data          0x00802000        0x0 d:/program files (x86)/atmel/atmel toolchain/avr8 gcc/native/3.4.2.1002/avr8-gnu-toolchain/bin/../lib/gcc/avr/4.7.2/avrxmega7\libgcc.a(_divmodsi4.o)
 .data          0x00802000        0x0 d:/program files (x86)/atmel/atmel toolchain/avr8 gcc/native/3.4.2.1002/avr8-gnu-toolchain/bin/../lib/gcc/avr/4.7.2/avrxmega7\libgcc.a(_exit.o)
 .data          0x00802000        0x0 d:/program files (x86)/atmel/atmel toolchain/avr8 gcc/native/3.4.2.1002/avr8-gnu-toolchain/bin/../lib/gcc/avr/4.7.2/avrxmega7\libgcc.a(_copy_data.o)
 .data          0x00802000        0x0 d:/program files (x86)/atmel/atmel toolchain/avr8 gcc/native/3.4.2.1002/avr8-gnu-toolchain/bin/../lib/gcc/avr/4.7.2/avrxmega7\libgcc.a(_clear_bss.o)
 .data          0x00802000        0x0 d:/program files (x86)/atmel/atmel toolchain/avr8 gcc/native/3.4.2.1002/avr8-gnu-toolchain/bin/../lib/gcc/avr/4.7.2/avrxmega7\libgcc.a(_muluhisi3.o)
 .data          0x00802000        0x0 d:/program files (x86)/atmel/atmel toolchain/avr8 gcc/native/3.4.2.1002/avr8-gnu-toolchain/bin/../lib/gcc/avr/4.7.2/avrxmega7\libgcc.a(_mulshisi3.o)
 .data          0x00802000        0x0 d:/program files (x86)/atmel/atmel toolchain/avr8 gcc/native/3.4.2.1002/avr8-gnu-toolchain/bin/../lib/gcc/avr/4.7.2/avrxmega7\libgcc.a(_udivmodhi4.o)
 .data          0x00802000        0x0 d:/program files (x86)/atmel/atmel toolchain/avr8 gcc/native/3.4.2.1002/avr8-gnu-toolchain/bin/../lib/gcc/avr/4.7.2/avrxmega7\libgcc.a(_umulhisi3.o)
 *(.data*)
 .data.teta_cilj_final
                0x00802000        0x4 mechanism.o
                0x00802000                teta_cilj_final
 .data.Pracenje_Pravca_sample_counter
                0x00802004        0x1 mechanism.o
                0x00802004                Pracenje_Pravca_sample_counter
 .data.PID_pozicioni_sample_counter
                0x00802005        0x1 mechanism.o
                0x00802005                PID_pozicioni_sample_counter
 .data.stigao_flag
                0x00802006        0x1 mechanism.o
                0x00802006                stigao_flag
 *(.rodata)
 *(.rodata*)
 .rodata.str1.1
                0x00802007        0x9 X-Drive_Odometry.o
 *(.gnu.linkonce.d*)
                0x00802010                . = ALIGN (0x2)
                0x00802010                _edata = .
                0x00802010                PROVIDE (__data_end, .)

.bss            0x00802010     0x1285
                0x00802010                PROVIDE (__bss_start, .)
 *(.bss)
 *(.bss*)
 .bss.Rac_tren_poz_sample_counter
                0x00802010        0x1 mechanism.o
                0x00802010                Rac_tren_poz_sample_counter
 .bss.step1     0x00802011        0x1 testiranje.o
 .bss.flag1     0x00802012        0x1 testiranje.o
 *(COMMON)
 COMMON         0x00802013      0x495 hardware.o
                0x00802013                USART_E1_data
                0x0080219a                USART_C0_data
                0x00802321                USART_E0_data
 COMMON         0x008024a8      0xded mechanism.o
                0x008024a8                sample_L16
                0x008024aa                Kd_teta
                0x008024ae                PID_brzina_pret_L
                0x008024b0                Ki_teta
                0x008024b4                sysvrem
                0x008024b6                X_cilj
                0x008024ba                modifikovana_zeljena_pravolinijska_brzina
                0x008024bc                translacija
                0x008024c0                Ki_brzina
                0x008024c4                adresa_niz_2
                0x008024c8                sample_R16
                0x008024ca                Ie_brzina_R
                0x008024cc                sys_time
                0x008024ce                niz_counter_niz_3
                0x008024cf                struja_L
                0x008024d0                krug45
                0x008024d4                teta_cilj
                0x008024d8                Accel_PID_pos
                0x008024da                velicina_niz_3
                0x008024db                metar
                0x008024df                niz_3
                0x008028c7                Kd_pravolinijski
                0x008028cb                broj10000
                0x008028cd                rel_distanca
                0x008028d1                De_brzina_R
                0x008028d3                PID_pozicija_pret
                0x008028d7                krug180
                0x008028db                Kp_brzina
                0x008028df                broj1000
                0x008028e1                PID_ukupni_L
                0x008028e5                sendArray
                0x00802965                RX_i_E1
                0x00802966                smer_zadati
                0x00802967                sample_counter_niz_3
                0x00802968                vrednost_prom
                0x0080296c                vreme_cekanja_tete
                0x0080296e                adresa_long
                0x00802972                Kp_pravolinijski
                0x00802976                receiveArray
                0x008029f6                last_count_R
                0x008029fa                translacija_10ms
                0x008029fc                stop_PID_desni
                0x008029fd                struja_R
                0x008029fe                motor_count_R
                0x00802a00                fsm_timer
                0x00802a02                adresa_niz_1
                0x00802a06                PID_pozicija
                0x00802a0a                Y_pos
                0x00802a0e                niz_1
                0x00802df6                teta_greska_prethodno
                0x00802dfa                stop_PID_levi
                0x00802dfb                dif_error_pravolinijski
                0x00802dff                PASIVNI_QDEC_OWF_R
                0x00802e00                MOTOR_QDEC_OWF_L
                0x00802e01                sample_counter_niz_2
                0x00802e02                niz_counter_niz_2
                0x00802e03                proveri_vreme_primanja
                0x00802e04                Kp_teta_pravolinijski
                0x00802e08                scale_factor_for_mm
                0x00802e0a                pozicija_greska_sum
                0x00802e0e                Pe_brzina_R
                0x00802e10                broj
                0x00802e12                CHC
                0x00802e13                Y_cilj
                0x00802e17                max_brzina_motora
                0x00802e19                sample_time_niz_3
                0x00802e1a                rastojanje_cilj_temp
                0x00802e1e                rel_ugao
                0x00802e22                Pasivni_desni_CNT
                0x00802e26                count_R
                0x00802e2a                PASIVNI_QDEC_OWF_L
                0x00802e2b                X_pos
                0x00802e2f                teta_greska_sum
                0x00802e33                PID_brzina_pret_R
                0x00802e35                last_count_L
                0x00802e37                rezervni_ugao
                0x00802e39                X_cilj_stari
                0x00802e3d                timeout
                0x00802e3f                broj100
                0x00802e41                motor_count_L
                0x00802e43                dif_error_ugao
                0x00802e47                RX_i_C0
                0x00802e48                adresa_niz_3
                0x00802e4c                broj1
                0x00802e4e                pozicija_pret_greska
                0x00802e52                motor_sample_L16
                0x00802e54                pozicija_greska
                0x00802e58                Kd_brzina
                0x00802e5c                PID_teta
                0x00802e60                sample_counter_niz_1
                0x00802e61                niz_counter_niz_1
                0x00802e62                offset
                0x00802e63                RX_i_E0
                0x00802e64                vreme_pozicioniranja
                0x00802e66                PWM_perioda
                0x00802e68                velicina_niz_2
                0x00802e69                zeljena_brzina_okretanja
                0x00802e6b                motor_sample_R16
                0x00802e6d                Kp_teta_okretanje
                0x00802e71                rastojanje_cilj
                0x00802e75                MOTOR_QDEC_OWF_R
                0x00802e76                De_brzina_L
                0x00802e78                Y_cilj_stari
                0x00802e7c                teta_greska
                0x00802e80                smer_trenutni
                0x00802e81                PID_brzina_R
                0x00802e83                PID_brzina_L
                0x00802e85                sample_time_niz_2
                0x00802e86                krug90
                0x00802e8a                Pe_brzina_L
                0x00802e8c                PID_ukupni_R
                0x00802e90                Ie_brzina_L
                0x00802e92                niz_2
                0x0080327a                sample_time_niz_1
                0x0080327b                broj10
                0x0080327d                krug360
                0x00803281                Ki_pravolinijski
                0x00803285                count_L
                0x00803287                zeljena_pravolinijska_brzina
                0x00803289                set_direct_out
                0x0080328a                velicina_niz_1
                0x0080328b                teta
                0x0080328f                rotacija_10ms
                0x00803291                Kp_teta
                0x00803295                PROVIDE (__bss_end, .)
                0x000074b0                __data_load_start = LOADADDR (.data)
                0x000074c0                __data_load_end = (__data_load_start + SIZEOF (.data))

.noinit         0x00803295        0x0
                0x00803295                PROVIDE (__noinit_start, .)
 *(.noinit*)
                0x00803295                PROVIDE (__noinit_end, .)
                0x00803295                _end = .
                0x00803295                PROVIDE (__heap_start, .)

.eeprom         0x00810000        0x0
 *(.eeprom*)
                0x00810000                __eeprom_end = .

.fuse
 *(.fuse)
 *(.lfuse)
 *(.hfuse)
 *(.efuse)

.lock
 *(.lock*)

.signature
 *(.signature*)

.user_signatures
 *(.user_signatures*)

.stab           0x00000000     0x35f4
 *(.stab)
 .stab          0x00000000      0x714 d:/program files (x86)/atmel/atmel toolchain/avr8 gcc/native/3.4.2.1002/avr8-gnu-toolchain/bin/../lib/gcc/avr/4.7.2/../../../../avr/lib/avrxmega7/crtx128a1.o
 .stab          0x00000714       0x78 d:/program files (x86)/atmel/atmel toolchain/avr8 gcc/native/3.4.2.1002/avr8-gnu-toolchain/bin/../lib/gcc/avr/4.7.2/../../../../avr/lib/avrxmega7\libm.a(addsf3.o)
                                 0x84 (size before relaxing)
 .stab          0x0000078c      0x4bc d:/program files (x86)/atmel/atmel toolchain/avr8 gcc/native/3.4.2.1002/avr8-gnu-toolchain/bin/../lib/gcc/avr/4.7.2/../../../../avr/lib/avrxmega7\libm.a(addsf3x.o)
                                0x4c8 (size before relaxing)
 .stab          0x00000c48      0x2f4 d:/program files (x86)/atmel/atmel toolchain/avr8 gcc/native/3.4.2.1002/avr8-gnu-toolchain/bin/../lib/gcc/avr/4.7.2/../../../../avr/lib/avrxmega7\libm.a(atan2.o)
                                0x300 (size before relaxing)
 .stab          0x00000f3c      0x210 d:/program files (x86)/atmel/atmel toolchain/avr8 gcc/native/3.4.2.1002/avr8-gnu-toolchain/bin/../lib/gcc/avr/4.7.2/../../../../avr/lib/avrxmega7\libm.a(atan.o)
                                0x21c (size before relaxing)
 .stab          0x0000114c       0x90 d:/program files (x86)/atmel/atmel toolchain/avr8 gcc/native/3.4.2.1002/avr8-gnu-toolchain/bin/../lib/gcc/avr/4.7.2/../../../../avr/lib/avrxmega7\libm.a(cmpsf2.o)
                                 0x9c (size before relaxing)
 .stab          0x000011dc       0x54 d:/program files (x86)/atmel/atmel toolchain/avr8 gcc/native/3.4.2.1002/avr8-gnu-toolchain/bin/../lib/gcc/avr/4.7.2/../../../../avr/lib/avrxmega7\libm.a(cos.o)
                                 0x60 (size before relaxing)
 .stab          0x00001230       0x48 d:/program files (x86)/atmel/atmel toolchain/avr8 gcc/native/3.4.2.1002/avr8-gnu-toolchain/bin/../lib/gcc/avr/4.7.2/../../../../avr/lib/avrxmega7\libm.a(divsf3.o)
                                 0x54 (size before relaxing)
 .stab          0x00001278      0x510 d:/program files (x86)/atmel/atmel toolchain/avr8 gcc/native/3.4.2.1002/avr8-gnu-toolchain/bin/../lib/gcc/avr/4.7.2/../../../../avr/lib/avrxmega7\libm.a(divsf3x.o)
                                0x51c (size before relaxing)
 .stab          0x00001788       0x6c d:/program files (x86)/atmel/atmel toolchain/avr8 gcc/native/3.4.2.1002/avr8-gnu-toolchain/bin/../lib/gcc/avr/4.7.2/../../../../avr/lib/avrxmega7\libm.a(fixsfsi.o)
                                 0x78 (size before relaxing)
 .stab          0x000017f4      0x240 d:/program files (x86)/atmel/atmel toolchain/avr8 gcc/native/3.4.2.1002/avr8-gnu-toolchain/bin/../lib/gcc/avr/4.7.2/../../../../avr/lib/avrxmega7\libm.a(fixunssfsi.o)
                                0x24c (size before relaxing)
 .stab          0x00001a34      0x318 d:/program files (x86)/atmel/atmel toolchain/avr8 gcc/native/3.4.2.1002/avr8-gnu-toolchain/bin/../lib/gcc/avr/4.7.2/../../../../avr/lib/avrxmega7\libm.a(floatsisf.o)
                                0x324 (size before relaxing)
 .stab          0x00001d4c      0x1e0 d:/program files (x86)/atmel/atmel toolchain/avr8 gcc/native/3.4.2.1002/avr8-gnu-toolchain/bin/../lib/gcc/avr/4.7.2/../../../../avr/lib/avrxmega7\libm.a(fp_cmp.o)
                                0x1ec (size before relaxing)
 .stab          0x00001f2c       0x78 d:/program files (x86)/atmel/atmel toolchain/avr8 gcc/native/3.4.2.1002/avr8-gnu-toolchain/bin/../lib/gcc/avr/4.7.2/../../../../avr/lib/avrxmega7\libm.a(fp_inf.o)
                                 0x84 (size before relaxing)
 .stab          0x00001fa4       0x54 d:/program files (x86)/atmel/atmel toolchain/avr8 gcc/native/3.4.2.1002/avr8-gnu-toolchain/bin/../lib/gcc/avr/4.7.2/../../../../avr/lib/avrxmega7\libm.a(fp_nan.o)
                                 0x60 (size before relaxing)
 .stab          0x00001ff8      0x1ec d:/program files (x86)/atmel/atmel toolchain/avr8 gcc/native/3.4.2.1002/avr8-gnu-toolchain/bin/../lib/gcc/avr/4.7.2/../../../../avr/lib/avrxmega7\libm.a(fp_powser.o)
                                0x1f8 (size before relaxing)
 .stab          0x000021e4       0x84 d:/program files (x86)/atmel/atmel toolchain/avr8 gcc/native/3.4.2.1002/avr8-gnu-toolchain/bin/../lib/gcc/avr/4.7.2/../../../../avr/lib/avrxmega7\libm.a(fp_pscA.o)
                                 0x90 (size before relaxing)
 .stab          0x00002268       0x84 d:/program files (x86)/atmel/atmel toolchain/avr8 gcc/native/3.4.2.1002/avr8-gnu-toolchain/bin/../lib/gcc/avr/4.7.2/../../../../avr/lib/avrxmega7\libm.a(fp_pscB.o)
                                 0x90 (size before relaxing)
 .stab          0x000022ec      0x21c d:/program files (x86)/atmel/atmel toolchain/avr8 gcc/native/3.4.2.1002/avr8-gnu-toolchain/bin/../lib/gcc/avr/4.7.2/../../../../avr/lib/avrxmega7\libm.a(fp_rempio2.o)
                                0x228 (size before relaxing)
 .stab          0x00002508       0xfc d:/program files (x86)/atmel/atmel toolchain/avr8 gcc/native/3.4.2.1002/avr8-gnu-toolchain/bin/../lib/gcc/avr/4.7.2/../../../../avr/lib/avrxmega7\libm.a(fp_round.o)
                                0x108 (size before relaxing)
 .stab          0x00002604       0xfc d:/program files (x86)/atmel/atmel toolchain/avr8 gcc/native/3.4.2.1002/avr8-gnu-toolchain/bin/../lib/gcc/avr/4.7.2/../../../../avr/lib/avrxmega7\libm.a(fp_sinus.o)
                                0x108 (size before relaxing)
 .stab          0x00002700      0x1d4 d:/program files (x86)/atmel/atmel toolchain/avr8 gcc/native/3.4.2.1002/avr8-gnu-toolchain/bin/../lib/gcc/avr/4.7.2/../../../../avr/lib/avrxmega7\libm.a(fp_split3.o)
                                0x1e0 (size before relaxing)
 .stab          0x000028d4       0x90 d:/program files (x86)/atmel/atmel toolchain/avr8 gcc/native/3.4.2.1002/avr8-gnu-toolchain/bin/../lib/gcc/avr/4.7.2/../../../../avr/lib/avrxmega7\libm.a(fp_zero.o)
                                 0x9c (size before relaxing)
 .stab          0x00002964       0x6c d:/program files (x86)/atmel/atmel toolchain/avr8 gcc/native/3.4.2.1002/avr8-gnu-toolchain/bin/../lib/gcc/avr/4.7.2/../../../../avr/lib/avrxmega7\libm.a(gesf2.o)
                                 0x78 (size before relaxing)
 .stab          0x000029d0       0x84 d:/program files (x86)/atmel/atmel toolchain/avr8 gcc/native/3.4.2.1002/avr8-gnu-toolchain/bin/../lib/gcc/avr/4.7.2/../../../../avr/lib/avrxmega7\libm.a(inverse.o)
                                 0x90 (size before relaxing)
 .stab          0x00002a54       0x48 d:/program files (x86)/atmel/atmel toolchain/avr8 gcc/native/3.4.2.1002/avr8-gnu-toolchain/bin/../lib/gcc/avr/4.7.2/../../../../avr/lib/avrxmega7\libm.a(mulsf3.o)
                                 0x54 (size before relaxing)
 .stab          0x00002a9c      0x4d4 d:/program files (x86)/atmel/atmel toolchain/avr8 gcc/native/3.4.2.1002/avr8-gnu-toolchain/bin/../lib/gcc/avr/4.7.2/../../../../avr/lib/avrxmega7\libm.a(mulsf3x.o)
                                0x4e0 (size before relaxing)
 .stab          0x00002f70       0x78 d:/program files (x86)/atmel/atmel toolchain/avr8 gcc/native/3.4.2.1002/avr8-gnu-toolchain/bin/../lib/gcc/avr/4.7.2/../../../../avr/lib/avrxmega7\libm.a(sin.o)
                                 0x84 (size before relaxing)
 .stab          0x00002fe8      0x354 d:/program files (x86)/atmel/atmel toolchain/avr8 gcc/native/3.4.2.1002/avr8-gnu-toolchain/bin/../lib/gcc/avr/4.7.2/../../../../avr/lib/avrxmega7\libm.a(sqrt.o)
                                0x360 (size before relaxing)
 .stab          0x0000333c       0x54 d:/program files (x86)/atmel/atmel toolchain/avr8 gcc/native/3.4.2.1002/avr8-gnu-toolchain/bin/../lib/gcc/avr/4.7.2/../../../../avr/lib/avrxmega7\libm.a(square.o)
                                 0x60 (size before relaxing)
 .stab          0x00003390       0xe4 d:/program files (x86)/atmel/atmel toolchain/avr8 gcc/native/3.4.2.1002/avr8-gnu-toolchain/bin/../lib/gcc/avr/4.7.2/../../../../avr/lib/avrxmega7\libm.a(fp_mpack.o)
                                 0xf0 (size before relaxing)
 .stab          0x00003474       0x84 d:/program files (x86)/atmel/atmel toolchain/avr8 gcc/native/3.4.2.1002/avr8-gnu-toolchain/bin/../lib/gcc/avr/4.7.2/../../../../avr/lib/avrxmega7\libm.a(fp_norm2.o)
                                 0x90 (size before relaxing)
 .stab          0x000034f8       0xfc d:/program files (x86)/atmel/atmel toolchain/avr8 gcc/native/3.4.2.1002/avr8-gnu-toolchain/bin/../lib/gcc/avr/4.7.2/../../../../avr/lib/avrxmega7\libm.a(fp_powsodd.o)
                                0x108 (size before relaxing)

.stabstr        0x00000000      0xf10
 *(.stabstr)
 .stabstr       0x00000000      0xf10 d:/program files (x86)/atmel/atmel toolchain/avr8 gcc/native/3.4.2.1002/avr8-gnu-toolchain/bin/../lib/gcc/avr/4.7.2/../../../../avr/lib/avrxmega7/crtx128a1.o

.stab.excl
 *(.stab.excl)

.stab.exclstr
 *(.stab.exclstr)

.stab.index
 *(.stab.index)

.stab.indexstr
 *(.stab.indexstr)

.comment        0x00000000       0x2f
 *(.comment)
 .comment       0x00000000       0x2f adc_driver.o
                                 0x30 (size before relaxing)
 .comment       0x00000000       0x30 hardware.o
 .comment       0x00000000       0x30 interrupt.o
 .comment       0x00000000       0x30 mechanism.o
 .comment       0x00000000       0x30 port_driver.o
 .comment       0x00000000       0x30 TC_driver.o
 .comment       0x00000000       0x30 testiranje.o
 .comment       0x00000000       0x30 usart_driver.o
 .comment       0x00000000       0x30 X-Drive_Odometry.o

.debug
 *(.debug)

.line
 *(.line)

.debug_srcinfo
 *(.debug_srcinfo)

.debug_sfnames
 *(.debug_sfnames)

.debug_aranges  0x00000000      0x3d0
 *(.debug_aranges)
 .debug_aranges
                0x00000000       0x58 adc_driver.o
 .debug_aranges
                0x00000058       0x68 hardware.o
 .debug_aranges
                0x000000c0       0x68 interrupt.o
 .debug_aranges
                0x00000128       0x50 mechanism.o
 .debug_aranges
                0x00000178       0x50 port_driver.o
 .debug_aranges
                0x000001c8       0xc8 TC_driver.o
 .debug_aranges
                0x00000290       0xb8 testiranje.o
 .debug_aranges
                0x00000348       0x68 usart_driver.o
 .debug_aranges
                0x000003b0       0x20 X-Drive_Odometry.o

.debug_pubnames
 *(.debug_pubnames)

.debug_info     0x00000000     0xa7da
 *(.debug_info)
 .debug_info    0x00000000      0x9bb adc_driver.o
 .debug_info    0x000009bb     0x1dce hardware.o
 .debug_info    0x00002789     0x2402 interrupt.o
 .debug_info    0x00004b8b     0x1a59 mechanism.o
 .debug_info    0x000065e4      0x716 port_driver.o
 .debug_info    0x00006cfa     0x12fd TC_driver.o
 .debug_info    0x00007ff7     0x1c1f testiranje.o
 .debug_info    0x00009c16      0x590 usart_driver.o
 .debug_info    0x0000a1a6      0x634 X-Drive_Odometry.o
 *(.gnu.linkonce.wi.*)

.debug_abbrev   0x00000000     0x1310
 *(.debug_abbrev)
 .debug_abbrev  0x00000000      0x235 adc_driver.o
 .debug_abbrev  0x00000235      0x23b hardware.o
 .debug_abbrev  0x00000470      0x2a7 interrupt.o
 .debug_abbrev  0x00000717      0x265 mechanism.o
 .debug_abbrev  0x0000097c      0x132 port_driver.o
 .debug_abbrev  0x00000aae      0x176 TC_driver.o
 .debug_abbrev  0x00000c24      0x2fc testiranje.o
 .debug_abbrev  0x00000f20      0x1d6 usart_driver.o
 .debug_abbrev  0x000010f6      0x21a X-Drive_Odometry.o

.debug_line     0x00000000     0x3fd3
 *(.debug_line)
 .debug_line    0x00000000      0x393 adc_driver.o
 .debug_line    0x00000393      0x4f4 hardware.o
 .debug_line    0x00000887     0x1988 interrupt.o
 .debug_line    0x0000220f      0x733 mechanism.o
 .debug_line    0x00002942      0x268 port_driver.o
 .debug_line    0x00002baa      0x39a TC_driver.o
 .debug_line    0x00002f44      0x9d8 testiranje.o
 .debug_line    0x0000391c      0x371 usart_driver.o
 .debug_line    0x00003c8d      0x346 X-Drive_Odometry.o

.debug_frame    0x00000000      0xd78
 *(.debug_frame)
 .debug_frame   0x00000000       0xac adc_driver.o
 .debug_frame   0x000000ac       0xf8 hardware.o
 .debug_frame   0x000001a4      0x428 interrupt.o
 .debug_frame   0x000005cc      0x210 mechanism.o
 .debug_frame   0x000007dc       0x90 port_driver.o
 .debug_frame   0x0000086c      0x174 TC_driver.o
 .debug_frame   0x000009e0      0x2a4 testiranje.o
 .debug_frame   0x00000c84       0xd0 usart_driver.o
 .debug_frame   0x00000d54       0x24 X-Drive_Odometry.o

.debug_str      0x00000000     0x3018
 *(.debug_str)
 .debug_str     0x00000000      0xa8f adc_driver.o
                                0xade (size before relaxing)
 .debug_str     0x00000a8f      0xe4b hardware.o
                               0x1598 (size before relaxing)
 .debug_str     0x000018da      0x431 interrupt.o
                                0xc00 (size before relaxing)
 .debug_str     0x00001d0b      0x314 mechanism.o
                                0xe1e (size before relaxing)
 .debug_str     0x0000201f      0x80b port_driver.o
                                0xb88 (size before relaxing)
 .debug_str     0x0000282a      0x575 TC_driver.o
                                0xbbb (size before relaxing)
 .debug_str     0x00002d9f      0x131 testiranje.o
                                0x879 (size before relaxing)
 .debug_str     0x00002ed0      0x104 usart_driver.o
                                0x3b4 (size before relaxing)
 .debug_str     0x00002fd4       0x44 X-Drive_Odometry.o
                                0x506 (size before relaxing)

.debug_loc      0x00000000     0x2d63
 *(.debug_loc)
 .debug_loc     0x00000000      0x1fb adc_driver.o
 .debug_loc     0x000001fb       0xf0 hardware.o
 .debug_loc     0x000002eb     0x1221 interrupt.o
 .debug_loc     0x0000150c      0x551 mechanism.o
 .debug_loc     0x00001a5d      0x1f8 port_driver.o
 .debug_loc     0x00001c55      0x378 TC_driver.o
 .debug_loc     0x00001fcd      0x92b testiranje.o
 .debug_loc     0x000028f8      0x40f usart_driver.o
 .debug_loc     0x00002d07       0x5c X-Drive_Odometry.o

.debug_macinfo
 *(.debug_macinfo)

.debug_pubtypes
 *(.debug_pubtypes)

.debug_ranges   0x00000000      0x340
 *(.debug_ranges)
 .debug_ranges  0x00000000       0x48 adc_driver.o
 .debug_ranges  0x00000048       0x58 hardware.o
 .debug_ranges  0x000000a0       0x58 interrupt.o
 .debug_ranges  0x000000f8       0x40 mechanism.o
 .debug_ranges  0x00000138       0x40 port_driver.o
 .debug_ranges  0x00000178       0xb8 TC_driver.o
 .debug_ranges  0x00000230       0xa8 testiranje.o
 .debug_ranges  0x000002d8       0x58 usart_driver.o
 .debug_ranges  0x00000330       0x10 X-Drive_Odometry.o

.debug_macro
 *(.debug_macro)
OUTPUT(XDRIVE_TIKVIC_V2.0.elf elf32-avr)
LOAD linker stubs
